Warning: useLayoutEffect does nothing on the server, because its effect cannot be encoded into the server renderer's output format. This will lead to a mismatch between the initial, non-hydrated UI and the intended UI. To avoid this, useLayoutEffect should only be used in components that render exclusively on the client. See https://reactjs.org/link/uselayouteffect-ssr for common fixes.
    at MemoryRouter2 (E:\repos\SCIM-viewer\frontend\.impeccable\smoke.cjs:50015:11)
Warning: useLayoutEffect does nothing on the server, because its effect cannot be encoded into the server renderer's output format. This will lead to a mismatch between the initial, non-hydrated UI and the intended UI. To avoid this, useLayoutEffect should only be used in components that render exclusively on the client. See https://reactjs.org/link/uselayouteffect-ssr for common fixes.
    at LinkWithRef (E:\repos\SCIM-viewer\frontend\.impeccable\smoke.cjs:51612:11)
    at NavLinkWithRef (E:\repos\SCIM-viewer\frontend\.impeccable\smoke.cjs:51676:27)
    at aside
    at div
    at Layout (E:\repos\SCIM-viewer\frontend\.impeccable\smoke.cjs:256435:65)
    at RenderedRoute (E:\repos\SCIM-viewer\frontend\.impeccable\smoke.cjs:49609:11)
    at Routes2 (E:\repos\SCIM-viewer\frontend\.impeccable\smoke.cjs:50150:11)
    at SelectionProvider (E:\repos\SCIM-viewer\frontend\.impeccable\smoke.cjs:256497:30)
    at ToastProvider (E:\repos\SCIM-viewer\frontend\.impeccable\smoke.cjs:256603:26)
    at App
    at Router (E:\repos\SCIM-viewer\frontend\.impeccable\smoke.cjs:50093:21)
    at MemoryRouter2 (E:\repos\SCIM-viewer\frontend\.impeccable\smoke.cjs:50015:11)
Warning: useLayoutEffect does nothing on the server, because its effect cannot be encoded into the server renderer's output format. This will lead to a mismatch between the initial, non-hydrated UI and the intended UI. To avoid this, useLayoutEffect should only be used in components that render exclusively on the client. See https://reactjs.org/link/uselayouteffect-ssr for common fixes.
    at LinkWithRef (E:\repos\SCIM-viewer\frontend\.impeccable\smoke.cjs:51612:11)
    at NavLinkWithRef (E:\repos\SCIM-viewer\frontend\.impeccable\smoke.cjs:51676:27)
    at nav
    at aside
    at div
    at Layout (E:\repos\SCIM-viewer\frontend\.impeccable\smoke.cjs:256435:65)
    at RenderedRoute (E:\repos\SCIM-viewer\frontend\.impeccable\smoke.cjs:49609:11)
    at Routes2 (E:\repos\SCIM-viewer\frontend\.impeccable\smoke.cjs:50150:11)
    at SelectionProvider (E:\repos\SCIM-viewer\frontend\.impeccable\smoke.cjs:256497:30)
    at ToastProvider (E:\repos\SCIM-viewer\frontend\.impeccable\smoke.cjs:256603:26)
    at App
    at Router (E:\repos\SCIM-viewer\frontend\.impeccable\smoke.cjs:50093:21)
    at MemoryRouter2 (E:\repos\SCIM-viewer\frontend\.impeccable\smoke.cjs:50015:11)
Warning: useLayoutEffect does nothing on the server, because its effect cannot be encoded into the server renderer's output format. This will lead to a mismatch between the initial, non-hydrated UI and the intended UI. To avoid this, useLayoutEffect should only be used in components that render exclusively on the client. See https://reactjs.org/link/uselayouteffect-ssr for common fixes.
    at LinkWithRef (E:\repos\SCIM-viewer\frontend\.impeccable\smoke.cjs:51612:11)
    at NavLinkWithRef (E:\repos\SCIM-viewer\frontend\.impeccable\smoke.cjs:51676:27)
    at nav
    at aside
    at div
    at Layout (E:\repos\SCIM-viewer\frontend\.impeccable\smoke.cjs:256435:65)
    at RenderedRoute (E:\repos\SCIM-viewer\frontend\.impeccable\smoke.cjs:49609:11)
    at Routes2 (E:\repos\SCIM-viewer\frontend\.impeccable\smoke.cjs:50150:11)
    at SelectionProvider (E:\repos\SCIM-viewer\frontend\.impeccable\smoke.cjs:256497:30)
    at ToastProvider (E:\repos\SCIM-viewer\frontend\.impeccable\smoke.cjs:256603:26)
    at App
    at Router (E:\repos\SCIM-viewer\frontend\.impeccable\smoke.cjs:50093:21)
    at MemoryRouter2 (E:\repos\SCIM-viewer\frontend\.impeccable\smoke.cjs:50015:11)
Warning: useLayoutEffect does nothing on the server, because its effect cannot be encoded into the server renderer's output format. This will lead to a mismatch between the initial, non-hydrated UI and the intended UI. To avoid this, useLayoutEffect should only be used in components that render exclusively on the client. See https://reactjs.org/link/uselayouteffect-ssr for common fixes.
    at LinkWithRef (E:\repos\SCIM-viewer\frontend\.impeccable\smoke.cjs:51612:11)
    at NavLinkWithRef (E:\repos\SCIM-viewer\frontend\.impeccable\smoke.cjs:51676:27)
    at nav
    at aside
    at div
    at Layout (E:\repos\SCIM-viewer\frontend\.impeccable\smoke.cjs:256435:65)
    at RenderedRoute (E:\repos\SCIM-viewer\frontend\.impeccable\smoke.cjs:49609:11)
    at Routes2 (E:\repos\SCIM-viewer\frontend\.impeccable\smoke.cjs:50150:11)
    at SelectionProvider (E:\repos\SCIM-viewer\frontend\.impeccable\smoke.cjs:256497:30)
    at ToastProvider (E:\repos\SCIM-viewer\frontend\.impeccable\smoke.cjs:256603:26)
    at App
    at Router (E:\repos\SCIM-viewer\frontend\.impeccable\smoke.cjs:50093:21)
    at MemoryRouter2 (E:\repos\SCIM-viewer\frontend\.impeccable\smoke.cjs:50015:11)
Warning: useLayoutEffect does nothing on the server, because its effect cannot be encoded into the server renderer's output format. This will lead to a mismatch between the initial, non-hydrated UI and the intended UI. To avoid this, useLayoutEffect should only be used in components that render exclusively on the client. See https://reactjs.org/link/uselayouteffect-ssr for common fixes.
    at LinkWithRef (E:\repos\SCIM-viewer\frontend\.impeccable\smoke.cjs:51612:11)
    at span
    at li
    at ol
    at div
    at div
    at section
    at UsersGroupsPage (E:\repos\SCIM-viewer\frontend\.impeccable\smoke.cjs:257213:44)
    at RenderedRoute (E:\repos\SCIM-viewer\frontend\.impeccable\smoke.cjs:49609:11)
    at Outlet2 (E:\repos\SCIM-viewer\frontend\.impeccable\smoke.cjs:50086:32)
    at main
    at div
    at div
    at Layout (E:\repos\SCIM-viewer\frontend\.impeccable\smoke.cjs:256435:65)
    at RenderedRoute (E:\repos\SCIM-viewer\frontend\.impeccable\smoke.cjs:49609:11)
    at Routes2 (E:\repos\SCIM-viewer\frontend\.impeccable\smoke.cjs:50150:11)
    at SelectionProvider (E:\repos\SCIM-viewer\frontend\.impeccable\smoke.cjs:256497:30)
    at ToastProvider (E:\repos\SCIM-viewer\frontend\.impeccable\smoke.cjs:256603:26)
    at App
    at Router (E:\repos\SCIM-viewer\frontend\.impeccable\smoke.cjs:50093:21)
    at MemoryRouter2 (E:\repos\SCIM-viewer\frontend\.impeccable\smoke.cjs:50015:11)
Warning: useLayoutEffect does nothing on the server, because its effect cannot be encoded into the server renderer's output format. This will lead to a mismatch between the initial, non-hydrated UI and the intended UI. To avoid this, useLayoutEffect should only be used in components that render exclusively on the client. See https://reactjs.org/link/uselayouteffect-ssr for common fixes.
    at LinkWithRef (E:\repos\SCIM-viewer\frontend\.impeccable\smoke.cjs:51612:11)
    at span
    at li
    at ol
    at div
    at div
    at section
    at UsersGroupsPage (E:\repos\SCIM-viewer\frontend\.impeccable\smoke.cjs:257213:44)
    at RenderedRoute (E:\repos\SCIM-viewer\frontend\.impeccable\smoke.cjs:49609:11)
    at Outlet2 (E:\repos\SCIM-viewer\frontend\.impeccable\smoke.cjs:50086:32)
    at main
    at div
    at div
    at Layout (E:\repos\SCIM-viewer\frontend\.impeccable\smoke.cjs:256435:65)
    at RenderedRoute (E:\repos\SCIM-viewer\frontend\.impeccable\smoke.cjs:49609:11)
    at Routes2 (E:\repos\SCIM-viewer\frontend\.impeccable\smoke.cjs:50150:11)
    at SelectionProvider (E:\repos\SCIM-viewer\frontend\.impeccable\smoke.cjs:256497:30)
    at ToastProvider (E:\repos\SCIM-viewer\frontend\.impeccable\smoke.cjs:256603:26)
    at App
    at Router (E:\repos\SCIM-viewer\frontend\.impeccable\smoke.cjs:50093:21)
    at MemoryRouter2 (E:\repos\SCIM-viewer\frontend\.impeccable\smoke.cjs:50015:11)
Warning: useLayoutEffect does nothing on the server, because its effect cannot be encoded into the server renderer's output format. This will lead to a mismatch between the initial, non-hydrated UI and the intended UI. To avoid this, useLayoutEffect should only be used in components that render exclusively on the client. See https://reactjs.org/link/uselayouteffect-ssr for common fixes.
    at MemoryRouter2 (E:\repos\SCIM-viewer\frontend\.impeccable\smoke.cjs:50015:11)
Warning: useLayoutEffect does nothing on the server, because its effect cannot be encoded into the server renderer's output format. This will lead to a mismatch between the initial, non-hydrated UI and the intended UI. To avoid this, useLayoutEffect should only be used in components that render exclusively on the client. See https://reactjs.org/link/uselayouteffect-ssr for common fixes.
    at LinkWithRef (E:\repos\SCIM-viewer\frontend\.impeccable\smoke.cjs:51612:11)
    at NavLinkWithRef (E:\repos\SCIM-viewer\frontend\.impeccable\smoke.cjs:51676:27)
    at aside
    at div
    at Layout (E:\repos\SCIM-viewer\frontend\.impeccable\smoke.cjs:256435:65)
    at RenderedRoute (E:\repos\SCIM-viewer\frontend\.impeccable\smoke.cjs:49609:11)
    at Routes2 (E:\repos\SCIM-viewer\frontend\.impeccable\smoke.cjs:50150:11)
    at SelectionProvider (E:\repos\SCIM-viewer\frontend\.impeccable\smoke.cjs:256497:30)
    at ToastProvider (E:\repos\SCIM-viewer\frontend\.impeccable\smoke.cjs:256603:26)
    at App
    at Router (E:\repos\SCIM-viewer\frontend\.impeccable\smoke.cjs:50093:21)
    at MemoryRouter2 (E:\repos\SCIM-viewer\frontend\.impeccable\smoke.cjs:50015:11)
Warning: useLayoutEffect does nothing on the server, because its effect cannot be encoded into the server renderer's output format. This will lead to a mismatch between the initial, non-hydrated UI and the intended UI. To avoid this, useLayoutEffect should only be used in components that render exclusively on the client. See https://reactjs.org/link/uselayouteffect-ssr for common fixes.
    at LinkWithRef (E:\repos\SCIM-viewer\frontend\.impeccable\smoke.cjs:51612:11)
    at NavLinkWithRef (E:\repos\SCIM-viewer\frontend\.impeccable\smoke.cjs:51676:27)
    at nav
    at aside
    at div
    at Layout (E:\repos\SCIM-viewer\frontend\.impeccable\smoke.cjs:256435:65)
    at RenderedRoute (E:\repos\SCIM-viewer\frontend\.impeccable\smoke.cjs:49609:11)
    at Routes2 (E:\repos\SCIM-viewer\frontend\.impeccable\smoke.cjs:50150:11)
    at SelectionProvider (E:\repos\SCIM-viewer\frontend\.impeccable\smoke.cjs:256497:30)
    at ToastProvider (E:\repos\SCIM-viewer\frontend\.impeccable\smoke.cjs:256603:26)
    at App
    at Router (E:\repos\SCIM-viewer\frontend\.impeccable\smoke.cjs:50093:21)
    at MemoryRouter2 (E:\repos\SCIM-viewer\frontend\.impeccable\smoke.cjs:50015:11)
Warning: useLayoutEffect does nothing on the server, because its effect cannot be encoded into the server renderer's output format. This will lead to a mismatch between the initial, non-hydrated UI and the intended UI. To avoid this, useLayoutEffect should only be used in components that render exclusively on the client. See https://reactjs.org/link/uselayouteffect-ssr for common fixes.
    at LinkWithRef (E:\repos\SCIM-viewer\frontend\.impeccable\smoke.cjs:51612:11)
    at NavLinkWithRef (E:\repos\SCIM-viewer\frontend\.impeccable\smoke.cjs:51676:27)
    at nav
    at aside
    at div
    at Layout (E:\repos\SCIM-viewer\frontend\.impeccable\smoke.cjs:256435:65)
    at RenderedRoute (E:\repos\SCIM-viewer\frontend\.impeccable\smoke.cjs:49609:11)
    at Routes2 (E:\repos\SCIM-viewer\frontend\.impeccable\smoke.cjs:50150:11)
    at SelectionProvider (E:\repos\SCIM-viewer\frontend\.impeccable\smoke.cjs:256497:30)
    at ToastProvider (E:\repos\SCIM-viewer\frontend\.impeccable\smoke.cjs:256603:26)
    at App
    at Router (E:\repos\SCIM-viewer\frontend\.impeccable\smoke.cjs:50093:21)
    at MemoryRouter2 (E:\repos\SCIM-viewer\frontend\.impeccable\smoke.cjs:50015:11)
Warning: useLayoutEffect does nothing on the server, because its effect cannot be encoded into the server renderer's output format. This will lead to a mismatch between the initial, non-hydrated UI and the intended UI. To avoid this, useLayoutEffect should only be used in components that render exclusively on the client. See https://reactjs.org/link/uselayouteffect-ssr for common fixes.
    at LinkWithRef (E:\repos\SCIM-viewer\frontend\.impeccable\smoke.cjs:51612:11)
    at NavLinkWithRef (E:\repos\SCIM-viewer\frontend\.impeccable\smoke.cjs:51676:27)
    at nav
    at aside
    at div
    at Layout (E:\repos\SCIM-viewer\frontend\.impeccable\smoke.cjs:256435:65)
    at RenderedRoute (E:\repos\SCIM-viewer\frontend\.impeccable\smoke.cjs:49609:11)
    at Routes2 (E:\repos\SCIM-viewer\frontend\.impeccable\smoke.cjs:50150:11)
    at SelectionProvider (E:\repos\SCIM-viewer\frontend\.impeccable\smoke.cjs:256497:30)
    at ToastProvider (E:\repos\SCIM-viewer\frontend\.impeccable\smoke.cjs:256603:26)
    at App
    at Router (E:\repos\SCIM-viewer\frontend\.impeccable\smoke.cjs:50093:21)
    at MemoryRouter2 (E:\repos\SCIM-viewer\frontend\.impeccable\smoke.cjs:50015:11)
Warning: useLayoutEffect does nothing on the server, because its effect cannot be encoded into the server renderer's output format. This will lead to a mismatch between the initial, non-hydrated UI and the intended UI. To avoid this, useLayoutEffect should only be used in components that render exclusively on the client. See https://reactjs.org/link/uselayouteffect-ssr for common fixes.
    at MemoryRouter2 (E:\repos\SCIM-viewer\frontend\.impeccable\smoke.cjs:50015:11)
Warning: useLayoutEffect does nothing on the server, because its effect cannot be encoded into the server renderer's output format. This will lead to a mismatch between the initial, non-hydrated UI and the intended UI. To avoid this, useLayoutEffect should only be used in components that render exclusively on the client. See https://reactjs.org/link/uselayouteffect-ssr for common fixes.
    at LinkWithRef (E:\repos\SCIM-viewer\frontend\.impeccable\smoke.cjs:51612:11)
    at NavLinkWithRef (E:\repos\SCIM-viewer\frontend\.impeccable\smoke.cjs:51676:27)
    at aside
    at div
    at Layout (E:\repos\SCIM-viewer\frontend\.impeccable\smoke.cjs:256435:65)
    at RenderedRoute (E:\repos\SCIM-viewer\frontend\.impeccable\smoke.cjs:49609:11)
    at Routes2 (E:\repos\SCIM-viewer\frontend\.impeccable\smoke.cjs:50150:11)
    at SelectionProvider (E:\repos\SCIM-viewer\frontend\.impeccable\smoke.cjs:256497:30)
    at ToastProvider (E:\repos\SCIM-viewer\frontend\.impeccable\smoke.cjs:256603:26)
    at App
    at Router (E:\repos\SCIM-viewer\frontend\.impeccable\smoke.cjs:50093:21)
    at MemoryRouter2 (E:\repos\SCIM-viewer\frontend\.impeccable\smoke.cjs:50015:11)
Warning: useLayoutEffect does nothing on the server, because its effect cannot be encoded into the server renderer's output format. This will lead to a mismatch between the initial, non-hydrated UI and the intended UI. To avoid this, useLayoutEffect should only be used in components that render exclusively on the client. See https://reactjs.org/link/uselayouteffect-ssr for common fixes.
    at LinkWithRef (E:\repos\SCIM-viewer\frontend\.impeccable\smoke.cjs:51612:11)
    at NavLinkWithRef (E:\repos\SCIM-viewer\frontend\.impeccable\smoke.cjs:51676:27)
    at nav
    at aside
    at div
    at Layout (E:\repos\SCIM-viewer\frontend\.impeccable\smoke.cjs:256435:65)
    at RenderedRoute (E:\repos\SCIM-viewer\frontend\.impeccable\smoke.cjs:49609:11)
    at Routes2 (E:\repos\SCIM-viewer\frontend\.impeccable\smoke.cjs:50150:11)
    at SelectionProvider (E:\repos\SCIM-viewer\frontend\.impeccable\smoke.cjs:256497:30)
    at ToastProvider (E:\repos\SCIM-viewer\frontend\.impeccable\smoke.cjs:256603:26)
    at App
    at Router (E:\repos\SCIM-viewer\frontend\.impeccable\smoke.cjs:50093:21)
    at MemoryRouter2 (E:\repos\SCIM-viewer\frontend\.impeccable\smoke.cjs:50015:11)
Warning: useLayoutEffect does nothing on the server, because its effect cannot be encoded into the server renderer's output format. This will lead to a mismatch between the initial, non-hydrated UI and the intended UI. To avoid this, useLayoutEffect should only be used in components that render exclusively on the client. See https://reactjs.org/link/uselayouteffect-ssr for common fixes.
    at LinkWithRef (E:\repos\SCIM-viewer\frontend\.impeccable\smoke.cjs:51612:11)
    at NavLinkWithRef (E:\repos\SCIM-viewer\frontend\.impeccable\smoke.cjs:51676:27)
    at nav
    at aside
    at div
    at Layout (E:\repos\SCIM-viewer\frontend\.impeccable\smoke.cjs:256435:65)
    at RenderedRoute (E:\repos\SCIM-viewer\frontend\.impeccable\smoke.cjs:49609:11)
    at Routes2 (E:\repos\SCIM-viewer\frontend\.impeccable\smoke.cjs:50150:11)
    at SelectionProvider (E:\repos\SCIM-viewer\frontend\.impeccable\smoke.cjs:256497:30)
    at ToastProvider (E:\repos\SCIM-viewer\frontend\.impeccable\smoke.cjs:256603:26)
    at App
    at Router (E:\repos\SCIM-viewer\frontend\.impeccable\smoke.cjs:50093:21)
    at MemoryRouter2 (E:\repos\SCIM-viewer\frontend\.impeccable\smoke.cjs:50015:11)
Warning: useLayoutEffect does nothing on the server, because its effect cannot be encoded into the server renderer's output format. This will lead to a mismatch between the initial, non-hydrated UI and the intended UI. To avoid this, useLayoutEffect should only be used in components that render exclusively on the client. See https://reactjs.org/link/uselayouteffect-ssr for common fixes.
    at LinkWithRef (E:\repos\SCIM-viewer\frontend\.impeccable\smoke.cjs:51612:11)
    at NavLinkWithRef (E:\repos\SCIM-viewer\frontend\.impeccable\smoke.cjs:51676:27)
    at nav
    at aside
    at div
    at Layout (E:\repos\SCIM-viewer\frontend\.impeccable\smoke.cjs:256435:65)
    at RenderedRoute (E:\repos\SCIM-viewer\frontend\.impeccable\smoke.cjs:49609:11)
    at Routes2 (E:\repos\SCIM-viewer\frontend\.impeccable\smoke.cjs:50150:11)
    at SelectionProvider (E:\repos\SCIM-viewer\frontend\.impeccable\smoke.cjs:256497:30)
    at ToastProvider (E:\repos\SCIM-viewer\frontend\.impeccable\smoke.cjs:256603:26)
    at App
    at Router (E:\repos\SCIM-viewer\frontend\.impeccable\smoke.cjs:50093:21)
    at MemoryRouter2 (E:\repos\SCIM-viewer\frontend\.impeccable\smoke.cjs:50015:11)
Warning: useLayoutEffect does nothing on the server, because its effect cannot be encoded into the server renderer's output format. This will lead to a mismatch between the initial, non-hydrated UI and the intended UI. To avoid this, useLayoutEffect should only be used in components that render exclusively on the client. See https://reactjs.org/link/uselayouteffect-ssr for common fixes.
    at MemoryRouter2 (E:\repos\SCIM-viewer\frontend\.impeccable\smoke.cjs:50015:11)
Warning: useLayoutEffect does nothing on the server, because its effect cannot be encoded into the server renderer's output format. This will lead to a mismatch between the initial, non-hydrated UI and the intended UI. To avoid this, useLayoutEffect should only be used in components that render exclusively on the client. See https://reactjs.org/link/uselayouteffect-ssr for common fixes.
    at LinkWithRef (E:\repos\SCIM-viewer\frontend\.impeccable\smoke.cjs:51612:11)
    at NavLinkWithRef (E:\repos\SCIM-viewer\frontend\.impeccable\smoke.cjs:51676:27)
    at aside
    at div
    at Layout (E:\repos\SCIM-viewer\frontend\.impeccable\smoke.cjs:256435:65)
    at RenderedRoute (E:\repos\SCIM-viewer\frontend\.impeccable\smoke.cjs:49609:11)
    at Routes2 (E:\repos\SCIM-viewer\frontend\.impeccable\smoke.cjs:50150:11)
    at SelectionProvider (E:\repos\SCIM-viewer\frontend\.impeccable\smoke.cjs:256497:30)
    at ToastProvider (E:\repos\SCIM-viewer\frontend\.impeccable\smoke.cjs:256603:26)
    at App
    at Router (E:\repos\SCIM-viewer\frontend\.impeccable\smoke.cjs:50093:21)
    at MemoryRouter2 (E:\repos\SCIM-viewer\frontend\.impeccable\smoke.cjs:50015:11)
Warning: useLayoutEffect does nothing on the server, because its effect cannot be encoded into the server renderer's output format. This will lead to a mismatch between the initial, non-hydrated UI and the intended UI. To avoid this, useLayoutEffect should only be used in components that render exclusively on the client. See https://reactjs.org/link/uselayouteffect-ssr for common fixes.
    at LinkWithRef (E:\repos\SCIM-viewer\frontend\.impeccable\smoke.cjs:51612:11)
    at NavLinkWithRef (E:\repos\SCIM-viewer\frontend\.impeccable\smoke.cjs:51676:27)
    at nav
    at aside
    at div
    at Layout (E:\repos\SCIM-viewer\frontend\.impeccable\smoke.cjs:256435:65)
    at RenderedRoute (E:\repos\SCIM-viewer\frontend\.impeccable\smoke.cjs:49609:11)
    at Routes2 (E:\repos\SCIM-viewer\frontend\.impeccable\smoke.cjs:50150:11)
    at SelectionProvider (E:\repos\SCIM-viewer\frontend\.impeccable\smoke.cjs:256497:30)
    at ToastProvider (E:\repos\SCIM-viewer\frontend\.impeccable\smoke.cjs:256603:26)
    at App
    at Router (E:\repos\SCIM-viewer\frontend\.impeccable\smoke.cjs:50093:21)
    at MemoryRouter2 (E:\repos\SCIM-viewer\frontend\.impeccable\smoke.cjs:50015:11)
Warning: useLayoutEffect does nothing on the server, because its effect cannot be encoded into the server renderer's output format. This will lead to a mismatch between the initial, non-hydrated UI and the intended UI. To avoid this, useLayoutEffect should only be used in components that render exclusively on the client. See https://reactjs.org/link/uselayouteffect-ssr for common fixes.
    at LinkWithRef (E:\repos\SCIM-viewer\frontend\.impeccable\smoke.cjs:51612:11)
    at NavLinkWithRef (E:\repos\SCIM-viewer\frontend\.impeccable\smoke.cjs:51676:27)
    at nav
    at aside
    at div
    at Layout (E:\repos\SCIM-viewer\frontend\.impeccable\smoke.cjs:256435:65)
    at RenderedRoute (E:\repos\SCIM-viewer\frontend\.impeccable\smoke.cjs:49609:11)
    at Routes2 (E:\repos\SCIM-viewer\frontend\.impeccable\smoke.cjs:50150:11)
    at SelectionProvider (E:\repos\SCIM-viewer\frontend\.impeccable\smoke.cjs:256497:30)
    at ToastProvider (E:\repos\SCIM-viewer\frontend\.impeccable\smoke.cjs:256603:26)
    at App
    at Router (E:\repos\SCIM-viewer\frontend\.impeccable\smoke.cjs:50093:21)
    at MemoryRouter2 (E:\repos\SCIM-viewer\frontend\.impeccable\smoke.cjs:50015:11)
Warning: useLayoutEffect does nothing on the server, because its effect cannot be encoded into the server renderer's output format. This will lead to a mismatch between the initial, non-hydrated UI and the intended UI. To avoid this, useLayoutEffect should only be used in components that render exclusively on the client. See https://reactjs.org/link/uselayouteffect-ssr for common fixes.
    at LinkWithRef (E:\repos\SCIM-viewer\frontend\.impeccable\smoke.cjs:51612:11)
    at NavLinkWithRef (E:\repos\SCIM-viewer\frontend\.impeccable\smoke.cjs:51676:27)
    at nav
    at aside
    at div
    at Layout (E:\repos\SCIM-viewer\frontend\.impeccable\smoke.cjs:256435:65)
    at RenderedRoute (E:\repos\SCIM-viewer\frontend\.impeccable\smoke.cjs:49609:11)
    at Routes2 (E:\repos\SCIM-viewer\frontend\.impeccable\smoke.cjs:50150:11)
    at SelectionProvider (E:\repos\SCIM-viewer\frontend\.impeccable\smoke.cjs:256497:30)
    at ToastProvider (E:\repos\SCIM-viewer\frontend\.impeccable\smoke.cjs:256603:26)
    at App
    at Router (E:\repos\SCIM-viewer\frontend\.impeccable\smoke.cjs:50093:21)
    at MemoryRouter2 (E:\repos\SCIM-viewer\frontend\.impeccable\smoke.cjs:50015:11)
Warning: useLayoutEffect does nothing on the server, because its effect cannot be encoded into the server renderer's output format. This will lead to a mismatch between the initial, non-hydrated UI and the intended UI. To avoid this, useLayoutEffect should only be used in components that render exclusively on the client. See https://reactjs.org/link/uselayouteffect-ssr for common fixes.
    at LinkWithRef (E:\repos\SCIM-viewer\frontend\.impeccable\smoke.cjs:51612:11)
    at span
    at li
    at ol
    at div
    at div
    at section
    at UsersGroupsPage (E:\repos\SCIM-viewer\frontend\.impeccable\smoke.cjs:257213:44)
    at RenderedRoute (E:\repos\SCIM-viewer\frontend\.impeccable\smoke.cjs:49609:11)
    at Outlet2 (E:\repos\SCIM-viewer\frontend\.impeccable\smoke.cjs:50086:32)
    at main
    at div
    at div
    at Layout (E:\repos\SCIM-viewer\frontend\.impeccable\smoke.cjs:256435:65)
    at RenderedRoute (E:\repos\SCIM-viewer\frontend\.impeccable\smoke.cjs:49609:11)
    at Routes2 (E:\repos\SCIM-viewer\frontend\.impeccable\smoke.cjs:50150:11)
    at SelectionProvider (E:\repos\SCIM-viewer\frontend\.impeccable\smoke.cjs:256497:30)
    at ToastProvider (E:\repos\SCIM-viewer\frontend\.impeccable\smoke.cjs:256603:26)
    at App
    at Router (E:\repos\SCIM-viewer\frontend\.impeccable\smoke.cjs:50093:21)
    at MemoryRouter2 (E:\repos\SCIM-viewer\frontend\.impeccable\smoke.cjs:50015:11)
Warning: useLayoutEffect does nothing on the server, because its effect cannot be encoded into the server renderer's output format. This will lead to a mismatch between the initial, non-hydrated UI and the intended UI. To avoid this, useLayoutEffect should only be used in components that render exclusively on the client. See https://reactjs.org/link/uselayouteffect-ssr for common fixes.
    at LinkWithRef (E:\repos\SCIM-viewer\frontend\.impeccable\smoke.cjs:51612:11)
    at span
    at li
    at ol
    at div
    at div
    at section
    at UsersGroupsPage (E:\repos\SCIM-viewer\frontend\.impeccable\smoke.cjs:257213:44)
    at RenderedRoute (E:\repos\SCIM-viewer\frontend\.impeccable\smoke.cjs:49609:11)
    at Outlet2 (E:\repos\SCIM-viewer\frontend\.impeccable\smoke.cjs:50086:32)
    at main
    at div
    at div
    at Layout (E:\repos\SCIM-viewer\frontend\.impeccable\smoke.cjs:256435:65)
    at RenderedRoute (E:\repos\SCIM-viewer\frontend\.impeccable\smoke.cjs:49609:11)
    at Routes2 (E:\repos\SCIM-viewer\frontend\.impeccable\smoke.cjs:50150:11)
    at SelectionProvider (E:\repos\SCIM-viewer\frontend\.impeccable\smoke.cjs:256497:30)
    at ToastProvider (E:\repos\SCIM-viewer\frontend\.impeccable\smoke.cjs:256603:26)
    at App
    at Router (E:\repos\SCIM-viewer\frontend\.impeccable\smoke.cjs:50093:21)
    at MemoryRouter2 (E:\repos\SCIM-viewer\frontend\.impeccable\smoke.cjs:50015:11)
Warning: useLayoutEffect does nothing on the server, because its effect cannot be encoded into the server renderer's output format. This will lead to a mismatch between the initial, non-hydrated UI and the intended UI. To avoid this, useLayoutEffect should only be used in components that render exclusively on the client. See https://reactjs.org/link/uselayouteffect-ssr for common fixes.
    at MemoryRouter2 (E:\repos\SCIM-viewer\frontend\.impeccable\smoke.cjs:50015:11)
Warning: useLayoutEffect does nothing on the server, because its effect cannot be encoded into the server renderer's output format. This will lead to a mismatch between the initial, non-hydrated UI and the intended UI. To avoid this, useLayoutEffect should only be used in components that render exclusively on the client. See https://reactjs.org/link/uselayouteffect-ssr for common fixes.
    at LinkWithRef (E:\repos\SCIM-viewer\frontend\.impeccable\smoke.cjs:51612:11)
    at NavLinkWithRef (E:\repos\SCIM-viewer\frontend\.impeccable\smoke.cjs:51676:27)
    at aside
    at div
    at Layout (E:\repos\SCIM-viewer\frontend\.impeccable\smoke.cjs:256435:65)
    at RenderedRoute (E:\repos\SCIM-viewer\frontend\.impeccable\smoke.cjs:49609:11)
    at Routes2 (E:\repos\SCIM-viewer\frontend\.impeccable\smoke.cjs:50150:11)
    at SelectionProvider (E:\repos\SCIM-viewer\frontend\.impeccable\smoke.cjs:256497:30)
    at ToastProvider (E:\repos\SCIM-viewer\frontend\.impeccable\smoke.cjs:256603:26)
    at App
    at Router (E:\repos\SCIM-viewer\frontend\.impeccable\smoke.cjs:50093:21)
    at MemoryRouter2 (E:\repos\SCIM-viewer\frontend\.impeccable\smoke.cjs:50015:11)
Warning: useLayoutEffect does nothing on the server, because its effect cannot be encoded into the server renderer's output format. This will lead to a mismatch between the initial, non-hydrated UI and the intended UI. To avoid this, useLayoutEffect should only be used in components that render exclusively on the client. See https://reactjs.org/link/uselayouteffect-ssr for common fixes.
    at LinkWithRef (E:\repos\SCIM-viewer\frontend\.impeccable\smoke.cjs:51612:11)
    at NavLinkWithRef (E:\repos\SCIM-viewer\frontend\.impeccable\smoke.cjs:51676:27)
    at nav
    at aside
    at div
    at Layout (E:\repos\SCIM-viewer\frontend\.impeccable\smoke.cjs:256435:65)
    at RenderedRoute (E:\repos\SCIM-viewer\frontend\.impeccable\smoke.cjs:49609:11)
    at Routes2 (E:\repos\SCIM-viewer\frontend\.impeccable\smoke.cjs:50150:11)
    at SelectionProvider (E:\repos\SCIM-viewer\frontend\.impeccable\smoke.cjs:256497:30)
    at ToastProvider (E:\repos\SCIM-viewer\frontend\.impeccable\smoke.cjs:256603:26)
    at App
    at Router (E:\repos\SCIM-viewer\frontend\.impeccable\smoke.cjs:50093:21)
    at MemoryRouter2 (E:\repos\SCIM-viewer\frontend\.impeccable\smoke.cjs:50015:11)
Warning: useLayoutEffect does nothing on the server, because its effect cannot be encoded into the server renderer's output format. This will lead to a mismatch between the initial, non-hydrated UI and the intended UI. To avoid this, useLayoutEffect should only be used in components that render exclusively on the client. See https://reactjs.org/link/uselayouteffect-ssr for common fixes.
    at LinkWithRef (E:\repos\SCIM-viewer\frontend\.impeccable\smoke.cjs:51612:11)
    at NavLinkWithRef (E:\repos\SCIM-viewer\frontend\.impeccable\smoke.cjs:51676:27)
    at nav
    at aside
    at div
    at Layout (E:\repos\SCIM-viewer\frontend\.impeccable\smoke.cjs:256435:65)
    at RenderedRoute (E:\repos\SCIM-viewer\frontend\.impeccable\smoke.cjs:49609:11)
    at Routes2 (E:\repos\SCIM-viewer\frontend\.impeccable\smoke.cjs:50150:11)
    at SelectionProvider (E:\repos\SCIM-viewer\frontend\.impeccable\smoke.cjs:256497:30)
    at ToastProvider (E:\repos\SCIM-viewer\frontend\.impeccable\smoke.cjs:256603:26)
    at App
    at Router (E:\repos\SCIM-viewer\frontend\.impeccable\smoke.cjs:50093:21)
    at MemoryRouter2 (E:\repos\SCIM-viewer\frontend\.impeccable\smoke.cjs:50015:11)
Warning: useLayoutEffect does nothing on the server, because its effect cannot be encoded into the server renderer's output format. This will lead to a mismatch between the initial, non-hydrated UI and the intended UI. To avoid this, useLayoutEffect should only be used in components that render exclusively on the client. See https://reactjs.org/link/uselayouteffect-ssr for common fixes.
    at LinkWithRef (E:\repos\SCIM-viewer\frontend\.impeccable\smoke.cjs:51612:11)
    at NavLinkWithRef (E:\repos\SCIM-viewer\frontend\.impeccable\smoke.cjs:51676:27)
    at nav
    at aside
    at div
    at Layout (E:\repos\SCIM-viewer\frontend\.impeccable\smoke.cjs:256435:65)
    at RenderedRoute (E:\repos\SCIM-viewer\frontend\.impeccable\smoke.cjs:49609:11)
    at Routes2 (E:\repos\SCIM-viewer\frontend\.impeccable\smoke.cjs:50150:11)
    at SelectionProvider (E:\repos\SCIM-viewer\frontend\.impeccable\smoke.cjs:256497:30)
    at ToastProvider (E:\repos\SCIM-viewer\frontend\.impeccable\smoke.cjs:256603:26)
    at App
    at Router (E:\repos\SCIM-viewer\frontend\.impeccable\smoke.cjs:50093:21)
    at MemoryRouter2 (E:\repos\SCIM-viewer\frontend\.impeccable\smoke.cjs:50015:11)
Warning: useLayoutEffect does nothing on the server, because its effect cannot be encoded into the server renderer's output format. This will lead to a mismatch between the initial, non-hydrated UI and the intended UI. To avoid this, useLayoutEffect should only be used in components that render exclusively on the client. See https://reactjs.org/link/uselayouteffect-ssr for common fixes.
    at LinkWithRef (E:\repos\SCIM-viewer\frontend\.impeccable\smoke.cjs:51612:11)
    at span
    at li
    at ol
    at div
    at div
    at section
    at UsersGroupsPage (E:\repos\SCIM-viewer\frontend\.impeccable\smoke.cjs:257213:44)
    at RenderedRoute (E:\repos\SCIM-viewer\frontend\.impeccable\smoke.cjs:49609:11)
    at Outlet2 (E:\repos\SCIM-viewer\frontend\.impeccable\smoke.cjs:50086:32)
    at main
    at div
    at div
    at Layout (E:\repos\SCIM-viewer\frontend\.impeccable\smoke.cjs:256435:65)
    at RenderedRoute (E:\repos\SCIM-viewer\frontend\.impeccable\smoke.cjs:49609:11)
    at Routes2 (E:\repos\SCIM-viewer\frontend\.impeccable\smoke.cjs:50150:11)
    at SelectionProvider (E:\repos\SCIM-viewer\frontend\.impeccable\smoke.cjs:256497:30)
    at ToastProvider (E:\repos\SCIM-viewer\frontend\.impeccable\smoke.cjs:256603:26)
    at App
    at Router (E:\repos\SCIM-viewer\frontend\.impeccable\smoke.cjs:50093:21)
    at MemoryRouter2 (E:\repos\SCIM-viewer\frontend\.impeccable\smoke.cjs:50015:11)
Warning: useLayoutEffect does nothing on the server, because its effect cannot be encoded into the server renderer's output format. This will lead to a mismatch between the initial, non-hydrated UI and the intended UI. To avoid this, useLayoutEffect should only be used in components that render exclusively on the client. See https://reactjs.org/link/uselayouteffect-ssr for common fixes.
    at LinkWithRef (E:\repos\SCIM-viewer\frontend\.impeccable\smoke.cjs:51612:11)
    at span
    at li
    at ol
    at div
    at div
    at section
    at UsersGroupsPage (E:\repos\SCIM-viewer\frontend\.impeccable\smoke.cjs:257213:44)
    at RenderedRoute (E:\repos\SCIM-viewer\frontend\.impeccable\smoke.cjs:49609:11)
    at Outlet2 (E:\repos\SCIM-viewer\frontend\.impeccable\smoke.cjs:50086:32)
    at main
    at div
    at div
    at Layout (E:\repos\SCIM-viewer\frontend\.impeccable\smoke.cjs:256435:65)
    at RenderedRoute (E:\repos\SCIM-viewer\frontend\.impeccable\smoke.cjs:49609:11)
    at Routes2 (E:\repos\SCIM-viewer\frontend\.impeccable\smoke.cjs:50150:11)
    at SelectionProvider (E:\repos\SCIM-viewer\frontend\.impeccable\smoke.cjs:256497:30)
    at ToastProvider (E:\repos\SCIM-viewer\frontend\.impeccable\smoke.cjs:256603:26)
    at App
    at Router (E:\repos\SCIM-viewer\frontend\.impeccable\smoke.cjs:50093:21)
    at MemoryRouter2 (E:\repos\SCIM-viewer\frontend\.impeccable\smoke.cjs:50015:11)
Warning: useLayoutEffect does nothing on the server, because its effect cannot be encoded into the server renderer's output format. This will lead to a mismatch between the initial, non-hydrated UI and the intended UI. To avoid this, useLayoutEffect should only be used in components that render exclusively on the client. See https://reactjs.org/link/uselayouteffect-ssr for common fixes.
    at MemoryRouter2 (E:\repos\SCIM-viewer\frontend\.impeccable\smoke.cjs:50015:11)
Warning: useLayoutEffect does nothing on the server, because its effect cannot be encoded into the server renderer's output format. This will lead to a mismatch between the initial, non-hydrated UI and the intended UI. To avoid this, useLayoutEffect should only be used in components that render exclusively on the client. See https://reactjs.org/link/uselayouteffect-ssr for common fixes.
    at LinkWithRef (E:\repos\SCIM-viewer\frontend\.impeccable\smoke.cjs:51612:11)
    at NavLinkWithRef (E:\repos\SCIM-viewer\frontend\.impeccable\smoke.cjs:51676:27)
    at aside
    at div
    at Layout (E:\repos\SCIM-viewer\frontend\.impeccable\smoke.cjs:256435:65)
    at RenderedRoute (E:\repos\SCIM-viewer\frontend\.impeccable\smoke.cjs:49609:11)
    at Routes2 (E:\repos\SCIM-viewer\frontend\.impeccable\smoke.cjs:50150:11)
    at SelectionProvider (E:\repos\SCIM-viewer\frontend\.impeccable\smoke.cjs:256497:30)
    at ToastProvider (E:\repos\SCIM-viewer\frontend\.impeccable\smoke.cjs:256603:26)
    at App
    at Router (E:\repos\SCIM-viewer\frontend\.impeccable\smoke.cjs:50093:21)
    at MemoryRouter2 (E:\repos\SCIM-viewer\frontend\.impeccable\smoke.cjs:50015:11)
Warning: useLayoutEffect does nothing on the server, because its effect cannot be encoded into the server renderer's output format. This will lead to a mismatch between the initial, non-hydrated UI and the intended UI. To avoid this, useLayoutEffect should only be used in components that render exclusively on the client. See https://reactjs.org/link/uselayouteffect-ssr for common fixes.
    at LinkWithRef (E:\repos\SCIM-viewer\frontend\.impeccable\smoke.cjs:51612:11)
    at NavLinkWithRef (E:\repos\SCIM-viewer\frontend\.impeccable\smoke.cjs:51676:27)
    at nav
    at aside
    at div
    at Layout (E:\repos\SCIM-viewer\frontend\.impeccable\smoke.cjs:256435:65)
    at RenderedRoute (E:\repos\SCIM-viewer\frontend\.impeccable\smoke.cjs:49609:11)
    at Routes2 (E:\repos\SCIM-viewer\frontend\.impeccable\smoke.cjs:50150:11)
    at SelectionProvider (E:\repos\SCIM-viewer\frontend\.impeccable\smoke.cjs:256497:30)
    at ToastProvider (E:\repos\SCIM-viewer\frontend\.impeccable\smoke.cjs:256603:26)
    at App
    at Router (E:\repos\SCIM-viewer\frontend\.impeccable\smoke.cjs:50093:21)
    at MemoryRouter2 (E:\repos\SCIM-viewer\frontend\.impeccable\smoke.cjs:50015:11)
Warning: useLayoutEffect does nothing on the server, because its effect cannot be encoded into the server renderer's output format. This will lead to a mismatch between the initial, non-hydrated UI and the intended UI. To avoid this, useLayoutEffect should only be used in components that render exclusively on the client. See https://reactjs.org/link/uselayouteffect-ssr for common fixes.
    at LinkWithRef (E:\repos\SCIM-viewer\frontend\.impeccable\smoke.cjs:51612:11)
    at NavLinkWithRef (E:\repos\SCIM-viewer\frontend\.impeccable\smoke.cjs:51676:27)
    at nav
    at aside
    at div
    at Layout (E:\repos\SCIM-viewer\frontend\.impeccable\smoke.cjs:256435:65)
    at RenderedRoute (E:\repos\SCIM-viewer\frontend\.impeccable\smoke.cjs:49609:11)
    at Routes2 (E:\repos\SCIM-viewer\frontend\.impeccable\smoke.cjs:50150:11)
    at SelectionProvider (E:\repos\SCIM-viewer\frontend\.impeccable\smoke.cjs:256497:30)
    at ToastProvider (E:\repos\SCIM-viewer\frontend\.impeccable\smoke.cjs:256603:26)
    at App
    at Router (E:\repos\SCIM-viewer\frontend\.impeccable\smoke.cjs:50093:21)
    at MemoryRouter2 (E:\repos\SCIM-viewer\frontend\.impeccable\smoke.cjs:50015:11)
Warning: useLayoutEffect does nothing on the server, because its effect cannot be encoded into the server renderer's output format. This will lead to a mismatch between the initial, non-hydrated UI and the intended UI. To avoid this, useLayoutEffect should only be used in components that render exclusively on the client. See https://reactjs.org/link/uselayouteffect-ssr for common fixes.
    at LinkWithRef (E:\repos\SCIM-viewer\frontend\.impeccable\smoke.cjs:51612:11)
    at NavLinkWithRef (E:\repos\SCIM-viewer\frontend\.impeccable\smoke.cjs:51676:27)
    at nav
    at aside
    at div
    at Layout (E:\repos\SCIM-viewer\frontend\.impeccable\smoke.cjs:256435:65)
    at RenderedRoute (E:\repos\SCIM-viewer\frontend\.impeccable\smoke.cjs:49609:11)
    at Routes2 (E:\repos\SCIM-viewer\frontend\.impeccable\smoke.cjs:50150:11)
    at SelectionProvider (E:\repos\SCIM-viewer\frontend\.impeccable\smoke.cjs:256497:30)
    at ToastProvider (E:\repos\SCIM-viewer\frontend\.impeccable\smoke.cjs:256603:26)
    at App
    at Router (E:\repos\SCIM-viewer\frontend\.impeccable\smoke.cjs:50093:21)
    at MemoryRouter2 (E:\repos\SCIM-viewer\frontend\.impeccable\smoke.cjs:50015:11)
Warning: useLayoutEffect does nothing on the server, because its effect cannot be encoded into the server renderer's output format. This will lead to a mismatch between the initial, non-hydrated UI and the intended UI. To avoid this, useLayoutEffect should only be used in components that render exclusively on the client. See https://reactjs.org/link/uselayouteffect-ssr for common fixes.
    at LinkWithRef (E:\repos\SCIM-viewer\frontend\.impeccable\smoke.cjs:51612:11)
    at div
    at div
    at EmptyState (E:\repos\SCIM-viewer\frontend\.impeccable\smoke.cjs:256393:23)
    at section
    at NotFoundPage
    at RenderedRoute (E:\repos\SCIM-viewer\frontend\.impeccable\smoke.cjs:49609:11)
    at Outlet2 (E:\repos\SCIM-viewer\frontend\.impeccable\smoke.cjs:50086:32)
    at main
    at div
    at div
    at Layout (E:\repos\SCIM-viewer\frontend\.impeccable\smoke.cjs:256435:65)
    at RenderedRoute (E:\repos\SCIM-viewer\frontend\.impeccable\smoke.cjs:49609:11)
    at Routes2 (E:\repos\SCIM-viewer\frontend\.impeccable\smoke.cjs:50150:11)
    at SelectionProvider (E:\repos\SCIM-viewer\frontend\.impeccable\smoke.cjs:256497:30)
    at ToastProvider (E:\repos\SCIM-viewer\frontend\.impeccable\smoke.cjs:256603:26)
    at App
    at Router (E:\repos\SCIM-viewer\frontend\.impeccable\smoke.cjs:50093:21)
    at MemoryRouter2 (E:\repos\SCIM-viewer\frontend\.impeccable\smoke.cjs:50015:11)
PASS: routes, navigation, empty/selected contexts, keyboard landmarks, loading, errors and labelled actions
