Warning: useLayoutEffect does nothing on the server, because its effect cannot be encoded into the server renderer's output format. This will lead to a mismatch between the initial, non-hydrated UI and the intended UI. To avoid this, useLayoutEffect should only be used in components that render exclusively on the client. See https://reactjs.org/link/uselayouteffect-ssr for common fixes.
    at MemoryRouter (E:\repos\SCIM-viewer\frontend\node_modules\react-router\dist\umd\react-router.development.js:1097:7)
Warning: useLayoutEffect does nothing on the server, because its effect cannot be encoded into the server renderer's output format. This will lead to a mismatch between the initial, non-hydrated UI and the intended UI. To avoid this, useLayoutEffect should only be used in components that render exclusively on the client. See https://reactjs.org/link/uselayouteffect-ssr for common fixes.
    at LinkWithRef (E:\repos\SCIM-viewer\frontend\node_modules\react-router-dom\dist\umd\react-router-dom.development.js:807:9)
    at NavLinkWithRef (E:\repos\SCIM-viewer\frontend\node_modules\react-router-dom\dist\umd\react-router-dom.development.js:885:25)
    at aside
    at div
    at Layout (E:\repos\SCIM-viewer\frontend\.impeccable\smoke.cjs:73:65)
    at RenderedRoute (E:\repos\SCIM-viewer\frontend\node_modules\react-router\dist\umd\react-router.development.js:535:7)
    at Routes (E:\repos\SCIM-viewer\frontend\node_modules\react-router\dist\umd\react-router.development.js:1269:7)
    at SelectionProvider (E:\repos\SCIM-viewer\frontend\.impeccable\smoke.cjs:136:30)
    at ToastProvider (E:\repos\SCIM-viewer\frontend\.impeccable\smoke.cjs:244:26)
    at App
    at Router (E:\repos\SCIM-viewer\frontend\node_modules\react-router\dist\umd\react-router.development.js:1203:17)
    at MemoryRouter (E:\repos\SCIM-viewer\frontend\node_modules\react-router\dist\umd\react-router.development.js:1097:7)
Warning: useLayoutEffect does nothing on the server, because its effect cannot be encoded into the server renderer's output format. This will lead to a mismatch between the initial, non-hydrated UI and the intended UI. To avoid this, useLayoutEffect should only be used in components that render exclusively on the client. See https://reactjs.org/link/uselayouteffect-ssr for common fixes.
    at LinkWithRef (E:\repos\SCIM-viewer\frontend\node_modules\react-router-dom\dist\umd\react-router-dom.development.js:807:9)
    at NavLinkWithRef (E:\repos\SCIM-viewer\frontend\node_modules\react-router-dom\dist\umd\react-router-dom.development.js:885:25)
    at nav
    at aside
    at div
    at Layout (E:\repos\SCIM-viewer\frontend\.impeccable\smoke.cjs:73:65)
    at RenderedRoute (E:\repos\SCIM-viewer\frontend\node_modules\react-router\dist\umd\react-router.development.js:535:7)
    at Routes (E:\repos\SCIM-viewer\frontend\node_modules\react-router\dist\umd\react-router.development.js:1269:7)
    at SelectionProvider (E:\repos\SCIM-viewer\frontend\.impeccable\smoke.cjs:136:30)
    at ToastProvider (E:\repos\SCIM-viewer\frontend\.impeccable\smoke.cjs:244:26)
    at App
    at Router (E:\repos\SCIM-viewer\frontend\node_modules\react-router\dist\umd\react-router.development.js:1203:17)
    at MemoryRouter (E:\repos\SCIM-viewer\frontend\node_modules\react-router\dist\umd\react-router.development.js:1097:7)
Warning: useLayoutEffect does nothing on the server, because its effect cannot be encoded into the server renderer's output format. This will lead to a mismatch between the initial, non-hydrated UI and the intended UI. To avoid this, useLayoutEffect should only be used in components that render exclusively on the client. See https://reactjs.org/link/uselayouteffect-ssr for common fixes.
    at LinkWithRef (E:\repos\SCIM-viewer\frontend\node_modules\react-router-dom\dist\umd\react-router-dom.development.js:807:9)
    at NavLinkWithRef (E:\repos\SCIM-viewer\frontend\node_modules\react-router-dom\dist\umd\react-router-dom.development.js:885:25)
    at nav
    at aside
    at div
    at Layout (E:\repos\SCIM-viewer\frontend\.impeccable\smoke.cjs:73:65)
    at RenderedRoute (E:\repos\SCIM-viewer\frontend\node_modules\react-router\dist\umd\react-router.development.js:535:7)
    at Routes (E:\repos\SCIM-viewer\frontend\node_modules\react-router\dist\umd\react-router.development.js:1269:7)
    at SelectionProvider (E:\repos\SCIM-viewer\frontend\.impeccable\smoke.cjs:136:30)
    at ToastProvider (E:\repos\SCIM-viewer\frontend\.impeccable\smoke.cjs:244:26)
    at App
    at Router (E:\repos\SCIM-viewer\frontend\node_modules\react-router\dist\umd\react-router.development.js:1203:17)
    at MemoryRouter (E:\repos\SCIM-viewer\frontend\node_modules\react-router\dist\umd\react-router.development.js:1097:7)
Warning: useLayoutEffect does nothing on the server, because its effect cannot be encoded into the server renderer's output format. This will lead to a mismatch between the initial, non-hydrated UI and the intended UI. To avoid this, useLayoutEffect should only be used in components that render exclusively on the client. See https://reactjs.org/link/uselayouteffect-ssr for common fixes.
    at LinkWithRef (E:\repos\SCIM-viewer\frontend\node_modules\react-router-dom\dist\umd\react-router-dom.development.js:807:9)
    at NavLinkWithRef (E:\repos\SCIM-viewer\frontend\node_modules\react-router-dom\dist\umd\react-router-dom.development.js:885:25)
    at nav
    at aside
    at div
    at Layout (E:\repos\SCIM-viewer\frontend\.impeccable\smoke.cjs:73:65)
    at RenderedRoute (E:\repos\SCIM-viewer\frontend\node_modules\react-router\dist\umd\react-router.development.js:535:7)
    at Routes (E:\repos\SCIM-viewer\frontend\node_modules\react-router\dist\umd\react-router.development.js:1269:7)
    at SelectionProvider (E:\repos\SCIM-viewer\frontend\.impeccable\smoke.cjs:136:30)
    at ToastProvider (E:\repos\SCIM-viewer\frontend\.impeccable\smoke.cjs:244:26)
    at App
    at Router (E:\repos\SCIM-viewer\frontend\node_modules\react-router\dist\umd\react-router.development.js:1203:17)
    at MemoryRouter (E:\repos\SCIM-viewer\frontend\node_modules\react-router\dist\umd\react-router.development.js:1097:7)
Warning: useLayoutEffect does nothing on the server, because its effect cannot be encoded into the server renderer's output format. This will lead to a mismatch between the initial, non-hydrated UI and the intended UI. To avoid this, useLayoutEffect should only be used in components that render exclusively on the client. See https://reactjs.org/link/uselayouteffect-ssr for common fixes.
    at LinkWithRef (E:\repos\SCIM-viewer\frontend\node_modules\react-router-dom\dist\umd\react-router-dom.development.js:807:9)
    at span
    at li
    at ol
    at div
    at div
    at section
    at UsersGroupsPage (E:\repos\SCIM-viewer\frontend\.impeccable\smoke.cjs:839:44)
    at RenderedRoute (E:\repos\SCIM-viewer\frontend\node_modules\react-router\dist\umd\react-router.development.js:535:7)
    at Outlet (E:\repos\SCIM-viewer\frontend\node_modules\react-router\dist\umd\react-router.development.js:1182:28)
    at main
    at div
    at div
    at Layout (E:\repos\SCIM-viewer\frontend\.impeccable\smoke.cjs:73:65)
    at RenderedRoute (E:\repos\SCIM-viewer\frontend\node_modules\react-router\dist\umd\react-router.development.js:535:7)
    at Routes (E:\repos\SCIM-viewer\frontend\node_modules\react-router\dist\umd\react-router.development.js:1269:7)
    at SelectionProvider (E:\repos\SCIM-viewer\frontend\.impeccable\smoke.cjs:136:30)
    at ToastProvider (E:\repos\SCIM-viewer\frontend\.impeccable\smoke.cjs:244:26)
    at App
    at Router (E:\repos\SCIM-viewer\frontend\node_modules\react-router\dist\umd\react-router.development.js:1203:17)
    at MemoryRouter (E:\repos\SCIM-viewer\frontend\node_modules\react-router\dist\umd\react-router.development.js:1097:7)
Warning: useLayoutEffect does nothing on the server, because its effect cannot be encoded into the server renderer's output format. This will lead to a mismatch between the initial, non-hydrated UI and the intended UI. To avoid this, useLayoutEffect should only be used in components that render exclusively on the client. See https://reactjs.org/link/uselayouteffect-ssr for common fixes.
    at LinkWithRef (E:\repos\SCIM-viewer\frontend\node_modules\react-router-dom\dist\umd\react-router-dom.development.js:807:9)
    at span
    at li
    at ol
    at div
    at div
    at section
    at UsersGroupsPage (E:\repos\SCIM-viewer\frontend\.impeccable\smoke.cjs:839:44)
    at RenderedRoute (E:\repos\SCIM-viewer\frontend\node_modules\react-router\dist\umd\react-router.development.js:535:7)
    at Outlet (E:\repos\SCIM-viewer\frontend\node_modules\react-router\dist\umd\react-router.development.js:1182:28)
    at main
    at div
    at div
    at Layout (E:\repos\SCIM-viewer\frontend\.impeccable\smoke.cjs:73:65)
    at RenderedRoute (E:\repos\SCIM-viewer\frontend\node_modules\react-router\dist\umd\react-router.development.js:535:7)
    at Routes (E:\repos\SCIM-viewer\frontend\node_modules\react-router\dist\umd\react-router.development.js:1269:7)
    at SelectionProvider (E:\repos\SCIM-viewer\frontend\.impeccable\smoke.cjs:136:30)
    at ToastProvider (E:\repos\SCIM-viewer\frontend\.impeccable\smoke.cjs:244:26)
    at App
    at Router (E:\repos\SCIM-viewer\frontend\node_modules\react-router\dist\umd\react-router.development.js:1203:17)
    at MemoryRouter (E:\repos\SCIM-viewer\frontend\node_modules\react-router\dist\umd\react-router.development.js:1097:7)
Warning: useLayoutEffect does nothing on the server, because its effect cannot be encoded into the server renderer's output format. This will lead to a mismatch between the initial, non-hydrated UI and the intended UI. To avoid this, useLayoutEffect should only be used in components that render exclusively on the client. See https://reactjs.org/link/uselayouteffect-ssr for common fixes.
    at MemoryRouter (E:\repos\SCIM-viewer\frontend\node_modules\react-router\dist\umd\react-router.development.js:1097:7)
Warning: useLayoutEffect does nothing on the server, because its effect cannot be encoded into the server renderer's output format. This will lead to a mismatch between the initial, non-hydrated UI and the intended UI. To avoid this, useLayoutEffect should only be used in components that render exclusively on the client. See https://reactjs.org/link/uselayouteffect-ssr for common fixes.
    at LinkWithRef (E:\repos\SCIM-viewer\frontend\node_modules\react-router-dom\dist\umd\react-router-dom.development.js:807:9)
    at NavLinkWithRef (E:\repos\SCIM-viewer\frontend\node_modules\react-router-dom\dist\umd\react-router-dom.development.js:885:25)
    at aside
    at div
    at Layout (E:\repos\SCIM-viewer\frontend\.impeccable\smoke.cjs:73:65)
    at RenderedRoute (E:\repos\SCIM-viewer\frontend\node_modules\react-router\dist\umd\react-router.development.js:535:7)
    at Routes (E:\repos\SCIM-viewer\frontend\node_modules\react-router\dist\umd\react-router.development.js:1269:7)
    at SelectionProvider (E:\repos\SCIM-viewer\frontend\.impeccable\smoke.cjs:136:30)
    at ToastProvider (E:\repos\SCIM-viewer\frontend\.impeccable\smoke.cjs:244:26)
    at App
    at Router (E:\repos\SCIM-viewer\frontend\node_modules\react-router\dist\umd\react-router.development.js:1203:17)
    at MemoryRouter (E:\repos\SCIM-viewer\frontend\node_modules\react-router\dist\umd\react-router.development.js:1097:7)
Warning: useLayoutEffect does nothing on the server, because its effect cannot be encoded into the server renderer's output format. This will lead to a mismatch between the initial, non-hydrated UI and the intended UI. To avoid this, useLayoutEffect should only be used in components that render exclusively on the client. See https://reactjs.org/link/uselayouteffect-ssr for common fixes.
    at LinkWithRef (E:\repos\SCIM-viewer\frontend\node_modules\react-router-dom\dist\umd\react-router-dom.development.js:807:9)
    at NavLinkWithRef (E:\repos\SCIM-viewer\frontend\node_modules\react-router-dom\dist\umd\react-router-dom.development.js:885:25)
    at nav
    at aside
    at div
    at Layout (E:\repos\SCIM-viewer\frontend\.impeccable\smoke.cjs:73:65)
    at RenderedRoute (E:\repos\SCIM-viewer\frontend\node_modules\react-router\dist\umd\react-router.development.js:535:7)
    at Routes (E:\repos\SCIM-viewer\frontend\node_modules\react-router\dist\umd\react-router.development.js:1269:7)
    at SelectionProvider (E:\repos\SCIM-viewer\frontend\.impeccable\smoke.cjs:136:30)
    at ToastProvider (E:\repos\SCIM-viewer\frontend\.impeccable\smoke.cjs:244:26)
    at App
    at Router (E:\repos\SCIM-viewer\frontend\node_modules\react-router\dist\umd\react-router.development.js:1203:17)
    at MemoryRouter (E:\repos\SCIM-viewer\frontend\node_modules\react-router\dist\umd\react-router.development.js:1097:7)
Warning: useLayoutEffect does nothing on the server, because its effect cannot be encoded into the server renderer's output format. This will lead to a mismatch between the initial, non-hydrated UI and the intended UI. To avoid this, useLayoutEffect should only be used in components that render exclusively on the client. See https://reactjs.org/link/uselayouteffect-ssr for common fixes.
    at LinkWithRef (E:\repos\SCIM-viewer\frontend\node_modules\react-router-dom\dist\umd\react-router-dom.development.js:807:9)
    at NavLinkWithRef (E:\repos\SCIM-viewer\frontend\node_modules\react-router-dom\dist\umd\react-router-dom.development.js:885:25)
    at nav
    at aside
    at div
    at Layout (E:\repos\SCIM-viewer\frontend\.impeccable\smoke.cjs:73:65)
    at RenderedRoute (E:\repos\SCIM-viewer\frontend\node_modules\react-router\dist\umd\react-router.development.js:535:7)
    at Routes (E:\repos\SCIM-viewer\frontend\node_modules\react-router\dist\umd\react-router.development.js:1269:7)
    at SelectionProvider (E:\repos\SCIM-viewer\frontend\.impeccable\smoke.cjs:136:30)
    at ToastProvider (E:\repos\SCIM-viewer\frontend\.impeccable\smoke.cjs:244:26)
    at App
    at Router (E:\repos\SCIM-viewer\frontend\node_modules\react-router\dist\umd\react-router.development.js:1203:17)
    at MemoryRouter (E:\repos\SCIM-viewer\frontend\node_modules\react-router\dist\umd\react-router.development.js:1097:7)
Warning: useLayoutEffect does nothing on the server, because its effect cannot be encoded into the server renderer's output format. This will lead to a mismatch between the initial, non-hydrated UI and the intended UI. To avoid this, useLayoutEffect should only be used in components that render exclusively on the client. See https://reactjs.org/link/uselayouteffect-ssr for common fixes.
    at LinkWithRef (E:\repos\SCIM-viewer\frontend\node_modules\react-router-dom\dist\umd\react-router-dom.development.js:807:9)
    at NavLinkWithRef (E:\repos\SCIM-viewer\frontend\node_modules\react-router-dom\dist\umd\react-router-dom.development.js:885:25)
    at nav
    at aside
    at div
    at Layout (E:\repos\SCIM-viewer\frontend\.impeccable\smoke.cjs:73:65)
    at RenderedRoute (E:\repos\SCIM-viewer\frontend\node_modules\react-router\dist\umd\react-router.development.js:535:7)
    at Routes (E:\repos\SCIM-viewer\frontend\node_modules\react-router\dist\umd\react-router.development.js:1269:7)
    at SelectionProvider (E:\repos\SCIM-viewer\frontend\.impeccable\smoke.cjs:136:30)
    at ToastProvider (E:\repos\SCIM-viewer\frontend\.impeccable\smoke.cjs:244:26)
    at App
    at Router (E:\repos\SCIM-viewer\frontend\node_modules\react-router\dist\umd\react-router.development.js:1203:17)
    at MemoryRouter (E:\repos\SCIM-viewer\frontend\node_modules\react-router\dist\umd\react-router.development.js:1097:7)
Warning: useLayoutEffect does nothing on the server, because its effect cannot be encoded into the server renderer's output format. This will lead to a mismatch between the initial, non-hydrated UI and the intended UI. To avoid this, useLayoutEffect should only be used in components that render exclusively on the client. See https://reactjs.org/link/uselayouteffect-ssr for common fixes.
    at MemoryRouter (E:\repos\SCIM-viewer\frontend\node_modules\react-router\dist\umd\react-router.development.js:1097:7)
Warning: useLayoutEffect does nothing on the server, because its effect cannot be encoded into the server renderer's output format. This will lead to a mismatch between the initial, non-hydrated UI and the intended UI. To avoid this, useLayoutEffect should only be used in components that render exclusively on the client. See https://reactjs.org/link/uselayouteffect-ssr for common fixes.
    at LinkWithRef (E:\repos\SCIM-viewer\frontend\node_modules\react-router-dom\dist\umd\react-router-dom.development.js:807:9)
    at NavLinkWithRef (E:\repos\SCIM-viewer\frontend\node_modules\react-router-dom\dist\umd\react-router-dom.development.js:885:25)
    at aside
    at div
    at Layout (E:\repos\SCIM-viewer\frontend\.impeccable\smoke.cjs:73:65)
    at RenderedRoute (E:\repos\SCIM-viewer\frontend\node_modules\react-router\dist\umd\react-router.development.js:535:7)
    at Routes (E:\repos\SCIM-viewer\frontend\node_modules\react-router\dist\umd\react-router.development.js:1269:7)
    at SelectionProvider (E:\repos\SCIM-viewer\frontend\.impeccable\smoke.cjs:136:30)
    at ToastProvider (E:\repos\SCIM-viewer\frontend\.impeccable\smoke.cjs:244:26)
    at App
    at Router (E:\repos\SCIM-viewer\frontend\node_modules\react-router\dist\umd\react-router.development.js:1203:17)
    at MemoryRouter (E:\repos\SCIM-viewer\frontend\node_modules\react-router\dist\umd\react-router.development.js:1097:7)
Warning: useLayoutEffect does nothing on the server, because its effect cannot be encoded into the server renderer's output format. This will lead to a mismatch between the initial, non-hydrated UI and the intended UI. To avoid this, useLayoutEffect should only be used in components that render exclusively on the client. See https://reactjs.org/link/uselayouteffect-ssr for common fixes.
    at LinkWithRef (E:\repos\SCIM-viewer\frontend\node_modules\react-router-dom\dist\umd\react-router-dom.development.js:807:9)
    at NavLinkWithRef (E:\repos\SCIM-viewer\frontend\node_modules\react-router-dom\dist\umd\react-router-dom.development.js:885:25)
    at nav
    at aside
    at div
    at Layout (E:\repos\SCIM-viewer\frontend\.impeccable\smoke.cjs:73:65)
    at RenderedRoute (E:\repos\SCIM-viewer\frontend\node_modules\react-router\dist\umd\react-router.development.js:535:7)
    at Routes (E:\repos\SCIM-viewer\frontend\node_modules\react-router\dist\umd\react-router.development.js:1269:7)
    at SelectionProvider (E:\repos\SCIM-viewer\frontend\.impeccable\smoke.cjs:136:30)
    at ToastProvider (E:\repos\SCIM-viewer\frontend\.impeccable\smoke.cjs:244:26)
    at App
    at Router (E:\repos\SCIM-viewer\frontend\node_modules\react-router\dist\umd\react-router.development.js:1203:17)
    at MemoryRouter (E:\repos\SCIM-viewer\frontend\node_modules\react-router\dist\umd\react-router.development.js:1097:7)
Warning: useLayoutEffect does nothing on the server, because its effect cannot be encoded into the server renderer's output format. This will lead to a mismatch between the initial, non-hydrated UI and the intended UI. To avoid this, useLayoutEffect should only be used in components that render exclusively on the client. See https://reactjs.org/link/uselayouteffect-ssr for common fixes.
    at LinkWithRef (E:\repos\SCIM-viewer\frontend\node_modules\react-router-dom\dist\umd\react-router-dom.development.js:807:9)
    at NavLinkWithRef (E:\repos\SCIM-viewer\frontend\node_modules\react-router-dom\dist\umd\react-router-dom.development.js:885:25)
    at nav
    at aside
    at div
    at Layout (E:\repos\SCIM-viewer\frontend\.impeccable\smoke.cjs:73:65)
    at RenderedRoute (E:\repos\SCIM-viewer\frontend\node_modules\react-router\dist\umd\react-router.development.js:535:7)
    at Routes (E:\repos\SCIM-viewer\frontend\node_modules\react-router\dist\umd\react-router.development.js:1269:7)
    at SelectionProvider (E:\repos\SCIM-viewer\frontend\.impeccable\smoke.cjs:136:30)
    at ToastProvider (E:\repos\SCIM-viewer\frontend\.impeccable\smoke.cjs:244:26)
    at App
    at Router (E:\repos\SCIM-viewer\frontend\node_modules\react-router\dist\umd\react-router.development.js:1203:17)
    at MemoryRouter (E:\repos\SCIM-viewer\frontend\node_modules\react-router\dist\umd\react-router.development.js:1097:7)
Warning: useLayoutEffect does nothing on the server, because its effect cannot be encoded into the server renderer's output format. This will lead to a mismatch between the initial, non-hydrated UI and the intended UI. To avoid this, useLayoutEffect should only be used in components that render exclusively on the client. See https://reactjs.org/link/uselayouteffect-ssr for common fixes.
    at LinkWithRef (E:\repos\SCIM-viewer\frontend\node_modules\react-router-dom\dist\umd\react-router-dom.development.js:807:9)
    at NavLinkWithRef (E:\repos\SCIM-viewer\frontend\node_modules\react-router-dom\dist\umd\react-router-dom.development.js:885:25)
    at nav
    at aside
    at div
    at Layout (E:\repos\SCIM-viewer\frontend\.impeccable\smoke.cjs:73:65)
    at RenderedRoute (E:\repos\SCIM-viewer\frontend\node_modules\react-router\dist\umd\react-router.development.js:535:7)
    at Routes (E:\repos\SCIM-viewer\frontend\node_modules\react-router\dist\umd\react-router.development.js:1269:7)
    at SelectionProvider (E:\repos\SCIM-viewer\frontend\.impeccable\smoke.cjs:136:30)
    at ToastProvider (E:\repos\SCIM-viewer\frontend\.impeccable\smoke.cjs:244:26)
    at App
    at Router (E:\repos\SCIM-viewer\frontend\node_modules\react-router\dist\umd\react-router.development.js:1203:17)
    at MemoryRouter (E:\repos\SCIM-viewer\frontend\node_modules\react-router\dist\umd\react-router.development.js:1097:7)
Warning: useLayoutEffect does nothing on the server, because its effect cannot be encoded into the server renderer's output format. This will lead to a mismatch between the initial, non-hydrated UI and the intended UI. To avoid this, useLayoutEffect should only be used in components that render exclusively on the client. See https://reactjs.org/link/uselayouteffect-ssr for common fixes.
    at MemoryRouter (E:\repos\SCIM-viewer\frontend\node_modules\react-router\dist\umd\react-router.development.js:1097:7)
Warning: useLayoutEffect does nothing on the server, because its effect cannot be encoded into the server renderer's output format. This will lead to a mismatch between the initial, non-hydrated UI and the intended UI. To avoid this, useLayoutEffect should only be used in components that render exclusively on the client. See https://reactjs.org/link/uselayouteffect-ssr for common fixes.
    at LinkWithRef (E:\repos\SCIM-viewer\frontend\node_modules\react-router-dom\dist\umd\react-router-dom.development.js:807:9)
    at NavLinkWithRef (E:\repos\SCIM-viewer\frontend\node_modules\react-router-dom\dist\umd\react-router-dom.development.js:885:25)
    at aside
    at div
    at Layout (E:\repos\SCIM-viewer\frontend\.impeccable\smoke.cjs:73:65)
    at RenderedRoute (E:\repos\SCIM-viewer\frontend\node_modules\react-router\dist\umd\react-router.development.js:535:7)
    at Routes (E:\repos\SCIM-viewer\frontend\node_modules\react-router\dist\umd\react-router.development.js:1269:7)
    at SelectionProvider (E:\repos\SCIM-viewer\frontend\.impeccable\smoke.cjs:136:30)
    at ToastProvider (E:\repos\SCIM-viewer\frontend\.impeccable\smoke.cjs:244:26)
    at App
    at Router (E:\repos\SCIM-viewer\frontend\node_modules\react-router\dist\umd\react-router.development.js:1203:17)
    at MemoryRouter (E:\repos\SCIM-viewer\frontend\node_modules\react-router\dist\umd\react-router.development.js:1097:7)
Warning: useLayoutEffect does nothing on the server, because its effect cannot be encoded into the server renderer's output format. This will lead to a mismatch between the initial, non-hydrated UI and the intended UI. To avoid this, useLayoutEffect should only be used in components that render exclusively on the client. See https://reactjs.org/link/uselayouteffect-ssr for common fixes.
    at LinkWithRef (E:\repos\SCIM-viewer\frontend\node_modules\react-router-dom\dist\umd\react-router-dom.development.js:807:9)
    at NavLinkWithRef (E:\repos\SCIM-viewer\frontend\node_modules\react-router-dom\dist\umd\react-router-dom.development.js:885:25)
    at nav
    at aside
    at div
    at Layout (E:\repos\SCIM-viewer\frontend\.impeccable\smoke.cjs:73:65)
    at RenderedRoute (E:\repos\SCIM-viewer\frontend\node_modules\react-router\dist\umd\react-router.development.js:535:7)
    at Routes (E:\repos\SCIM-viewer\frontend\node_modules\react-router\dist\umd\react-router.development.js:1269:7)
    at SelectionProvider (E:\repos\SCIM-viewer\frontend\.impeccable\smoke.cjs:136:30)
    at ToastProvider (E:\repos\SCIM-viewer\frontend\.impeccable\smoke.cjs:244:26)
    at App
    at Router (E:\repos\SCIM-viewer\frontend\node_modules\react-router\dist\umd\react-router.development.js:1203:17)
    at MemoryRouter (E:\repos\SCIM-viewer\frontend\node_modules\react-router\dist\umd\react-router.development.js:1097:7)
Warning: useLayoutEffect does nothing on the server, because its effect cannot be encoded into the server renderer's output format. This will lead to a mismatch between the initial, non-hydrated UI and the intended UI. To avoid this, useLayoutEffect should only be used in components that render exclusively on the client. See https://reactjs.org/link/uselayouteffect-ssr for common fixes.
    at LinkWithRef (E:\repos\SCIM-viewer\frontend\node_modules\react-router-dom\dist\umd\react-router-dom.development.js:807:9)
    at NavLinkWithRef (E:\repos\SCIM-viewer\frontend\node_modules\react-router-dom\dist\umd\react-router-dom.development.js:885:25)
    at nav
    at aside
    at div
    at Layout (E:\repos\SCIM-viewer\frontend\.impeccable\smoke.cjs:73:65)
    at RenderedRoute (E:\repos\SCIM-viewer\frontend\node_modules\react-router\dist\umd\react-router.development.js:535:7)
    at Routes (E:\repos\SCIM-viewer\frontend\node_modules\react-router\dist\umd\react-router.development.js:1269:7)
    at SelectionProvider (E:\repos\SCIM-viewer\frontend\.impeccable\smoke.cjs:136:30)
    at ToastProvider (E:\repos\SCIM-viewer\frontend\.impeccable\smoke.cjs:244:26)
    at App
    at Router (E:\repos\SCIM-viewer\frontend\node_modules\react-router\dist\umd\react-router.development.js:1203:17)
    at MemoryRouter (E:\repos\SCIM-viewer\frontend\node_modules\react-router\dist\umd\react-router.development.js:1097:7)
Warning: useLayoutEffect does nothing on the server, because its effect cannot be encoded into the server renderer's output format. This will lead to a mismatch between the initial, non-hydrated UI and the intended UI. To avoid this, useLayoutEffect should only be used in components that render exclusively on the client. See https://reactjs.org/link/uselayouteffect-ssr for common fixes.
    at LinkWithRef (E:\repos\SCIM-viewer\frontend\node_modules\react-router-dom\dist\umd\react-router-dom.development.js:807:9)
    at NavLinkWithRef (E:\repos\SCIM-viewer\frontend\node_modules\react-router-dom\dist\umd\react-router-dom.development.js:885:25)
    at nav
    at aside
    at div
    at Layout (E:\repos\SCIM-viewer\frontend\.impeccable\smoke.cjs:73:65)
    at RenderedRoute (E:\repos\SCIM-viewer\frontend\node_modules\react-router\dist\umd\react-router.development.js:535:7)
    at Routes (E:\repos\SCIM-viewer\frontend\node_modules\react-router\dist\umd\react-router.development.js:1269:7)
    at SelectionProvider (E:\repos\SCIM-viewer\frontend\.impeccable\smoke.cjs:136:30)
    at ToastProvider (E:\repos\SCIM-viewer\frontend\.impeccable\smoke.cjs:244:26)
    at App
    at Router (E:\repos\SCIM-viewer\frontend\node_modules\react-router\dist\umd\react-router.development.js:1203:17)
    at MemoryRouter (E:\repos\SCIM-viewer\frontend\node_modules\react-router\dist\umd\react-router.development.js:1097:7)
Warning: useLayoutEffect does nothing on the server, because its effect cannot be encoded into the server renderer's output format. This will lead to a mismatch between the initial, non-hydrated UI and the intended UI. To avoid this, useLayoutEffect should only be used in components that render exclusively on the client. See https://reactjs.org/link/uselayouteffect-ssr for common fixes.
    at LinkWithRef (E:\repos\SCIM-viewer\frontend\node_modules\react-router-dom\dist\umd\react-router-dom.development.js:807:9)
    at span
    at li
    at ol
    at div
    at div
    at section
    at UsersGroupsPage (E:\repos\SCIM-viewer\frontend\.impeccable\smoke.cjs:839:44)
    at RenderedRoute (E:\repos\SCIM-viewer\frontend\node_modules\react-router\dist\umd\react-router.development.js:535:7)
    at Outlet (E:\repos\SCIM-viewer\frontend\node_modules\react-router\dist\umd\react-router.development.js:1182:28)
    at main
    at div
    at div
    at Layout (E:\repos\SCIM-viewer\frontend\.impeccable\smoke.cjs:73:65)
    at RenderedRoute (E:\repos\SCIM-viewer\frontend\node_modules\react-router\dist\umd\react-router.development.js:535:7)
    at Routes (E:\repos\SCIM-viewer\frontend\node_modules\react-router\dist\umd\react-router.development.js:1269:7)
    at SelectionProvider (E:\repos\SCIM-viewer\frontend\.impeccable\smoke.cjs:136:30)
    at ToastProvider (E:\repos\SCIM-viewer\frontend\.impeccable\smoke.cjs:244:26)
    at App
    at Router (E:\repos\SCIM-viewer\frontend\node_modules\react-router\dist\umd\react-router.development.js:1203:17)
    at MemoryRouter (E:\repos\SCIM-viewer\frontend\node_modules\react-router\dist\umd\react-router.development.js:1097:7)
Warning: useLayoutEffect does nothing on the server, because its effect cannot be encoded into the server renderer's output format. This will lead to a mismatch between the initial, non-hydrated UI and the intended UI. To avoid this, useLayoutEffect should only be used in components that render exclusively on the client. See https://reactjs.org/link/uselayouteffect-ssr for common fixes.
    at LinkWithRef (E:\repos\SCIM-viewer\frontend\node_modules\react-router-dom\dist\umd\react-router-dom.development.js:807:9)
    at span
    at li
    at ol
    at div
    at div
    at section
    at UsersGroupsPage (E:\repos\SCIM-viewer\frontend\.impeccable\smoke.cjs:839:44)
    at RenderedRoute (E:\repos\SCIM-viewer\frontend\node_modules\react-router\dist\umd\react-router.development.js:535:7)
    at Outlet (E:\repos\SCIM-viewer\frontend\node_modules\react-router\dist\umd\react-router.development.js:1182:28)
    at main
    at div
    at div
    at Layout (E:\repos\SCIM-viewer\frontend\.impeccable\smoke.cjs:73:65)
    at RenderedRoute (E:\repos\SCIM-viewer\frontend\node_modules\react-router\dist\umd\react-router.development.js:535:7)
    at Routes (E:\repos\SCIM-viewer\frontend\node_modules\react-router\dist\umd\react-router.development.js:1269:7)
    at SelectionProvider (E:\repos\SCIM-viewer\frontend\.impeccable\smoke.cjs:136:30)
    at ToastProvider (E:\repos\SCIM-viewer\frontend\.impeccable\smoke.cjs:244:26)
    at App
    at Router (E:\repos\SCIM-viewer\frontend\node_modules\react-router\dist\umd\react-router.development.js:1203:17)
    at MemoryRouter (E:\repos\SCIM-viewer\frontend\node_modules\react-router\dist\umd\react-router.development.js:1097:7)
Warning: useLayoutEffect does nothing on the server, because its effect cannot be encoded into the server renderer's output format. This will lead to a mismatch between the initial, non-hydrated UI and the intended UI. To avoid this, useLayoutEffect should only be used in components that render exclusively on the client. See https://reactjs.org/link/uselayouteffect-ssr for common fixes.
    at MemoryRouter (E:\repos\SCIM-viewer\frontend\node_modules\react-router\dist\umd\react-router.development.js:1097:7)
Warning: useLayoutEffect does nothing on the server, because its effect cannot be encoded into the server renderer's output format. This will lead to a mismatch between the initial, non-hydrated UI and the intended UI. To avoid this, useLayoutEffect should only be used in components that render exclusively on the client. See https://reactjs.org/link/uselayouteffect-ssr for common fixes.
    at LinkWithRef (E:\repos\SCIM-viewer\frontend\node_modules\react-router-dom\dist\umd\react-router-dom.development.js:807:9)
    at NavLinkWithRef (E:\repos\SCIM-viewer\frontend\node_modules\react-router-dom\dist\umd\react-router-dom.development.js:885:25)
    at aside
    at div
    at Layout (E:\repos\SCIM-viewer\frontend\.impeccable\smoke.cjs:73:65)
    at RenderedRoute (E:\repos\SCIM-viewer\frontend\node_modules\react-router\dist\umd\react-router.development.js:535:7)
    at Routes (E:\repos\SCIM-viewer\frontend\node_modules\react-router\dist\umd\react-router.development.js:1269:7)
    at SelectionProvider (E:\repos\SCIM-viewer\frontend\.impeccable\smoke.cjs:136:30)
    at ToastProvider (E:\repos\SCIM-viewer\frontend\.impeccable\smoke.cjs:244:26)
    at App
    at Router (E:\repos\SCIM-viewer\frontend\node_modules\react-router\dist\umd\react-router.development.js:1203:17)
    at MemoryRouter (E:\repos\SCIM-viewer\frontend\node_modules\react-router\dist\umd\react-router.development.js:1097:7)
Warning: useLayoutEffect does nothing on the server, because its effect cannot be encoded into the server renderer's output format. This will lead to a mismatch between the initial, non-hydrated UI and the intended UI. To avoid this, useLayoutEffect should only be used in components that render exclusively on the client. See https://reactjs.org/link/uselayouteffect-ssr for common fixes.
    at LinkWithRef (E:\repos\SCIM-viewer\frontend\node_modules\react-router-dom\dist\umd\react-router-dom.development.js:807:9)
    at NavLinkWithRef (E:\repos\SCIM-viewer\frontend\node_modules\react-router-dom\dist\umd\react-router-dom.development.js:885:25)
    at nav
    at aside
    at div
    at Layout (E:\repos\SCIM-viewer\frontend\.impeccable\smoke.cjs:73:65)
    at RenderedRoute (E:\repos\SCIM-viewer\frontend\node_modules\react-router\dist\umd\react-router.development.js:535:7)
    at Routes (E:\repos\SCIM-viewer\frontend\node_modules\react-router\dist\umd\react-router.development.js:1269:7)
    at SelectionProvider (E:\repos\SCIM-viewer\frontend\.impeccable\smoke.cjs:136:30)
    at ToastProvider (E:\repos\SCIM-viewer\frontend\.impeccable\smoke.cjs:244:26)
    at App
    at Router (E:\repos\SCIM-viewer\frontend\node_modules\react-router\dist\umd\react-router.development.js:1203:17)
    at MemoryRouter (E:\repos\SCIM-viewer\frontend\node_modules\react-router\dist\umd\react-router.development.js:1097:7)
Warning: useLayoutEffect does nothing on the server, because its effect cannot be encoded into the server renderer's output format. This will lead to a mismatch between the initial, non-hydrated UI and the intended UI. To avoid this, useLayoutEffect should only be used in components that render exclusively on the client. See https://reactjs.org/link/uselayouteffect-ssr for common fixes.
    at LinkWithRef (E:\repos\SCIM-viewer\frontend\node_modules\react-router-dom\dist\umd\react-router-dom.development.js:807:9)
    at NavLinkWithRef (E:\repos\SCIM-viewer\frontend\node_modules\react-router-dom\dist\umd\react-router-dom.development.js:885:25)
    at nav
    at aside
    at div
    at Layout (E:\repos\SCIM-viewer\frontend\.impeccable\smoke.cjs:73:65)
    at RenderedRoute (E:\repos\SCIM-viewer\frontend\node_modules\react-router\dist\umd\react-router.development.js:535:7)
    at Routes (E:\repos\SCIM-viewer\frontend\node_modules\react-router\dist\umd\react-router.development.js:1269:7)
    at SelectionProvider (E:\repos\SCIM-viewer\frontend\.impeccable\smoke.cjs:136:30)
    at ToastProvider (E:\repos\SCIM-viewer\frontend\.impeccable\smoke.cjs:244:26)
    at App
    at Router (E:\repos\SCIM-viewer\frontend\node_modules\react-router\dist\umd\react-router.development.js:1203:17)
    at MemoryRouter (E:\repos\SCIM-viewer\frontend\node_modules\react-router\dist\umd\react-router.development.js:1097:7)
Warning: useLayoutEffect does nothing on the server, because its effect cannot be encoded into the server renderer's output format. This will lead to a mismatch between the initial, non-hydrated UI and the intended UI. To avoid this, useLayoutEffect should only be used in components that render exclusively on the client. See https://reactjs.org/link/uselayouteffect-ssr for common fixes.
    at LinkWithRef (E:\repos\SCIM-viewer\frontend\node_modules\react-router-dom\dist\umd\react-router-dom.development.js:807:9)
    at NavLinkWithRef (E:\repos\SCIM-viewer\frontend\node_modules\react-router-dom\dist\umd\react-router-dom.development.js:885:25)
    at nav
    at aside
    at div
    at Layout (E:\repos\SCIM-viewer\frontend\.impeccable\smoke.cjs:73:65)
    at RenderedRoute (E:\repos\SCIM-viewer\frontend\node_modules\react-router\dist\umd\react-router.development.js:535:7)
    at Routes (E:\repos\SCIM-viewer\frontend\node_modules\react-router\dist\umd\react-router.development.js:1269:7)
    at SelectionProvider (E:\repos\SCIM-viewer\frontend\.impeccable\smoke.cjs:136:30)
    at ToastProvider (E:\repos\SCIM-viewer\frontend\.impeccable\smoke.cjs:244:26)
    at App
    at Router (E:\repos\SCIM-viewer\frontend\node_modules\react-router\dist\umd\react-router.development.js:1203:17)
    at MemoryRouter (E:\repos\SCIM-viewer\frontend\node_modules\react-router\dist\umd\react-router.development.js:1097:7)
Warning: useLayoutEffect does nothing on the server, because its effect cannot be encoded into the server renderer's output format. This will lead to a mismatch between the initial, non-hydrated UI and the intended UI. To avoid this, useLayoutEffect should only be used in components that render exclusively on the client. See https://reactjs.org/link/uselayouteffect-ssr for common fixes.
    at MemoryRouter (E:\repos\SCIM-viewer\frontend\node_modules\react-router\dist\umd\react-router.development.js:1097:7)
Warning: useLayoutEffect does nothing on the server, because its effect cannot be encoded into the server renderer's output format. This will lead to a mismatch between the initial, non-hydrated UI and the intended UI. To avoid this, useLayoutEffect should only be used in components that render exclusively on the client. See https://reactjs.org/link/uselayouteffect-ssr for common fixes.
    at LinkWithRef (E:\repos\SCIM-viewer\frontend\node_modules\react-router-dom\dist\umd\react-router-dom.development.js:807:9)
    at NavLinkWithRef (E:\repos\SCIM-viewer\frontend\node_modules\react-router-dom\dist\umd\react-router-dom.development.js:885:25)
    at aside
    at div
    at Layout (E:\repos\SCIM-viewer\frontend\.impeccable\smoke.cjs:73:65)
    at RenderedRoute (E:\repos\SCIM-viewer\frontend\node_modules\react-router\dist\umd\react-router.development.js:535:7)
    at Routes (E:\repos\SCIM-viewer\frontend\node_modules\react-router\dist\umd\react-router.development.js:1269:7)
    at SelectionProvider (E:\repos\SCIM-viewer\frontend\.impeccable\smoke.cjs:136:30)
    at ToastProvider (E:\repos\SCIM-viewer\frontend\.impeccable\smoke.cjs:244:26)
    at App
    at Router (E:\repos\SCIM-viewer\frontend\node_modules\react-router\dist\umd\react-router.development.js:1203:17)
    at MemoryRouter (E:\repos\SCIM-viewer\frontend\node_modules\react-router\dist\umd\react-router.development.js:1097:7)
Warning: useLayoutEffect does nothing on the server, because its effect cannot be encoded into the server renderer's output format. This will lead to a mismatch between the initial, non-hydrated UI and the intended UI. To avoid this, useLayoutEffect should only be used in components that render exclusively on the client. See https://reactjs.org/link/uselayouteffect-ssr for common fixes.
    at LinkWithRef (E:\repos\SCIM-viewer\frontend\node_modules\react-router-dom\dist\umd\react-router-dom.development.js:807:9)
    at NavLinkWithRef (E:\repos\SCIM-viewer\frontend\node_modules\react-router-dom\dist\umd\react-router-dom.development.js:885:25)
    at nav
    at aside
    at div
    at Layout (E:\repos\SCIM-viewer\frontend\.impeccable\smoke.cjs:73:65)
    at RenderedRoute (E:\repos\SCIM-viewer\frontend\node_modules\react-router\dist\umd\react-router.development.js:535:7)
    at Routes (E:\repos\SCIM-viewer\frontend\node_modules\react-router\dist\umd\react-router.development.js:1269:7)
    at SelectionProvider (E:\repos\SCIM-viewer\frontend\.impeccable\smoke.cjs:136:30)
    at ToastProvider (E:\repos\SCIM-viewer\frontend\.impeccable\smoke.cjs:244:26)
    at App
    at Router (E:\repos\SCIM-viewer\frontend\node_modules\react-router\dist\umd\react-router.development.js:1203:17)
    at MemoryRouter (E:\repos\SCIM-viewer\frontend\node_modules\react-router\dist\umd\react-router.development.js:1097:7)
Warning: useLayoutEffect does nothing on the server, because its effect cannot be encoded into the server renderer's output format. This will lead to a mismatch between the initial, non-hydrated UI and the intended UI. To avoid this, useLayoutEffect should only be used in components that render exclusively on the client. See https://reactjs.org/link/uselayouteffect-ssr for common fixes.
    at LinkWithRef (E:\repos\SCIM-viewer\frontend\node_modules\react-router-dom\dist\umd\react-router-dom.development.js:807:9)
    at NavLinkWithRef (E:\repos\SCIM-viewer\frontend\node_modules\react-router-dom\dist\umd\react-router-dom.development.js:885:25)
    at nav
    at aside
    at div
    at Layout (E:\repos\SCIM-viewer\frontend\.impeccable\smoke.cjs:73:65)
    at RenderedRoute (E:\repos\SCIM-viewer\frontend\node_modules\react-router\dist\umd\react-router.development.js:535:7)
    at Routes (E:\repos\SCIM-viewer\frontend\node_modules\react-router\dist\umd\react-router.development.js:1269:7)
    at SelectionProvider (E:\repos\SCIM-viewer\frontend\.impeccable\smoke.cjs:136:30)
    at ToastProvider (E:\repos\SCIM-viewer\frontend\.impeccable\smoke.cjs:244:26)
    at App
    at Router (E:\repos\SCIM-viewer\frontend\node_modules\react-router\dist\umd\react-router.development.js:1203:17)
    at MemoryRouter (E:\repos\SCIM-viewer\frontend\node_modules\react-router\dist\umd\react-router.development.js:1097:7)
Warning: useLayoutEffect does nothing on the server, because its effect cannot be encoded into the server renderer's output format. This will lead to a mismatch between the initial, non-hydrated UI and the intended UI. To avoid this, useLayoutEffect should only be used in components that render exclusively on the client. See https://reactjs.org/link/uselayouteffect-ssr for common fixes.
    at LinkWithRef (E:\repos\SCIM-viewer\frontend\node_modules\react-router-dom\dist\umd\react-router-dom.development.js:807:9)
    at NavLinkWithRef (E:\repos\SCIM-viewer\frontend\node_modules\react-router-dom\dist\umd\react-router-dom.development.js:885:25)
    at nav
    at aside
    at div
    at Layout (E:\repos\SCIM-viewer\frontend\.impeccable\smoke.cjs:73:65)
    at RenderedRoute (E:\repos\SCIM-viewer\frontend\node_modules\react-router\dist\umd\react-router.development.js:535:7)
    at Routes (E:\repos\SCIM-viewer\frontend\node_modules\react-router\dist\umd\react-router.development.js:1269:7)
    at SelectionProvider (E:\repos\SCIM-viewer\frontend\.impeccable\smoke.cjs:136:30)
    at ToastProvider (E:\repos\SCIM-viewer\frontend\.impeccable\smoke.cjs:244:26)
    at App
    at Router (E:\repos\SCIM-viewer\frontend\node_modules\react-router\dist\umd\react-router.development.js:1203:17)
    at MemoryRouter (E:\repos\SCIM-viewer\frontend\node_modules\react-router\dist\umd\react-router.development.js:1097:7)
Warning: useLayoutEffect does nothing on the server, because its effect cannot be encoded into the server renderer's output format. This will lead to a mismatch between the initial, non-hydrated UI and the intended UI. To avoid this, useLayoutEffect should only be used in components that render exclusively on the client. See https://reactjs.org/link/uselayouteffect-ssr for common fixes.
    at LinkWithRef (E:\repos\SCIM-viewer\frontend\node_modules\react-router-dom\dist\umd\react-router-dom.development.js:807:9)
    at div
    at div
    at EmptyState (E:\repos\SCIM-viewer\frontend\.impeccable\smoke.cjs:39:23)
    at section
    at NotFoundPage
    at RenderedRoute (E:\repos\SCIM-viewer\frontend\node_modules\react-router\dist\umd\react-router.development.js:535:7)
    at Outlet (E:\repos\SCIM-viewer\frontend\node_modules\react-router\dist\umd\react-router.development.js:1182:28)
    at main
    at div
    at div
    at Layout (E:\repos\SCIM-viewer\frontend\.impeccable\smoke.cjs:73:65)
    at RenderedRoute (E:\repos\SCIM-viewer\frontend\node_modules\react-router\dist\umd\react-router.development.js:535:7)
    at Routes (E:\repos\SCIM-viewer\frontend\node_modules\react-router\dist\umd\react-router.development.js:1269:7)
    at SelectionProvider (E:\repos\SCIM-viewer\frontend\.impeccable\smoke.cjs:136:30)
    at ToastProvider (E:\repos\SCIM-viewer\frontend\.impeccable\smoke.cjs:244:26)
    at App
    at Router (E:\repos\SCIM-viewer\frontend\node_modules\react-router\dist\umd\react-router.development.js:1203:17)
    at MemoryRouter (E:\repos\SCIM-viewer\frontend\node_modules\react-router\dist\umd\react-router.development.js:1097:7)
PASS: routes, navigation, empty/selected contexts, keyboard landmarks, loading, errors and labelled actions
